---
source: src/parser/mod.rs
expression: syntax_tree
---
Root@0..102
  DeclStmt@0..28
    Local@0..5 "local"
    AssignList@5..6
      DeclTarget@5..6
        Ident@5..6
          Ident@5..6 "f"
    Assign@6..7 "="
    ExprList@7..28
      FuncExpr@7..28
        Function@7..15 "function"
        FuncArgs@15..17
          LParen@15..16 "("
          RParen@16..17 ")"
        StmtList@17..25
          ReturnStmt@17..25
            Return@17..23 "return"
            ExprList@23..25
              TableExpr@23..25
                LCurly@23..24 "{"
                RCurly@24..25 "}"
        End@25..28 "end"
  DeclStmt@28..37
    Local@28..33 "local"
    AssignList@33..34
      DeclTarget@33..34
        Ident@33..34
          Ident@33..34 "a"
    Assign@34..35 "="
    ExprList@35..37
      TableExpr@35..37
        LCurly@35..36 "{"
        RCurly@36..37 "}"
  AssignStmt@37..44
    AssignList@37..42
      BinOp@37..42
        Expr@37..40
          LParen@37..38 "("
          Ident@38..39
            Ident@38..39 "a"
          RParen@39..40 ")"
        Dot@40..41 "."
        Ident@41..42
          Ident@41..42 "b"
    Assign@42..43 "="
    ExprList@43..44
      LiteralExpr@43..44
        Int@43..44 "1"
  AssignStmt@44..62
    AssignList@44..58
      BinOp@44..51
        Expr@44..49
          LParen@44..45 "("
          FuncCall@45..48
            Ident@45..46
              Ident@45..46 "f"
            FuncArgs@46..48
              LParen@46..47 "("
              RParen@47..48 ")"
          RParen@48..49 ")"
        Dot@49..50 "."
        Ident@50..51
          Ident@50..51 "x"
      Comma@51..52 ","
      Index@52..58
        Expr@52..55
          LParen@52..53 "("
          Ident@53..54
            Ident@53..54 "a"
          RParen@54..55 ")"
        LBracket@55..56 "["
        LiteralExpr@56..57
          Int@56..57 "1"
        RBracket@57..58 "]"
    Assign@58..59 "="
    ExprList@59..62
      LiteralExpr@59..60
        Int@59..60 "2"
      Comma@60..61 ","
      LiteralExpr@61..62
        Int@61..62 "3"
  DeclStmt@62..72
    Local@62..67 "local"
    AssignList@67..68
      DeclTarget@67..68
        Ident@67..68
          Ident@67..68 "n"
    Assign@68..69 "="
    ExprList@69..72
      BinOp@69..72
        LiteralExpr@69..70
          Int@69..70 "1"
        Plus@70..71 "+"
        LiteralExpr@71..72
          Int@71..72 "2"
  AssignStmt@72..79
    AssignList@72..77
      BinOp@72..77
        Expr@72..75
          LParen@72..73 "("
          Ident@73..74
            Ident@73..74 "a"
          RParen@74..75 ")"
        Dot@75..76 "."
        Ident@76..77
          Ident@76..77 "c"
    Assign@77..78 "="
    ExprList@78..79
      Ident@78..79
        Ident@78..79 "n"
  DeclStmt@79..102
    Local@79..84 "local"
    AssignList@84..85
      DeclTarget@84..85
        Ident@84..85
          Ident@84..85 "m"
    Assign@85..86 "="
    ExprList@86..102
      BinOp@86..102
        PrefixOp@86..92
          Minus@86..87 "-"
          BinOp@87..92
            BinOp@87..90
              Ident@87..88
                Ident@87..88 "a"
              Dot@88..89 "."
              Ident@89..90
                Ident@89..90 "b"
            Caret@90..91 "^"
            LiteralExpr@91..92
              Int@91..92 "2"
        Plus@92..93 "+"
        BinOp@93..102
          Index@93..99
            Expr@93..96
              LParen@93..94 "("
              Ident@94..95
                Ident@94..95 "a"
              RParen@95..96 ")"
            LBracket@96..97 "["
            LiteralExpr@97..98
              Int@97..98 "1"
            RBracket@98..99 "]"
          Star@99..100 "*"
          PrefixOp@100..102
            Hash@100..101 "#"
            Ident@101..102
              Ident@101..102 "a"
