---
source: src/jit/frontend/snapshot_tests.rs
expression: "ir_of(&source, &[TAB, INT])"
---
block0(v0: tab, v1: int):
      v14 = kconst 0
      v15 = kconst 1
      v16 = kconst 1
      v17 = unpack.int v15
      v18 = unpack.int v1
      v19 = icmp le v17, v18
            br v19 block1(v0, v14, v17, v1, v16), block2(v14)
block1(v2: tab, v3: int, v4: i64, v5: int, v6: int):
      v20 = kconst "x"
      v21 = lua.getindex v2, v20
      v22 = lua.add v3, v21
      v23 = unpack.int v5
      v24 = iconst 1
      v25 = add.i64 v4, v24
      v26 = icmp le v25, v23
            br v26 block3(v2, v22, v25, v5, v6), block4(v22)
block2(v7: int):
            ret v7
block3(v8: tab, v9: any, v10: i64, v11: int, v12: int):
      v27 = kconst "x"
      v28 = lua.getindex v8, v27
      v29 = lua.add v9, v28
      v30 = unpack.int v11
      v31 = iconst 1
      v32 = add.i64 v10, v31
      v33 = icmp le v32, v30
            br v33 block3(v8, v29, v32, v11, v12), block4(v29)
block4(v13: any):
            ret v13
