---
source: src/jit/frontend/snapshot_tests.rs
expression: out
---
block0(v0: tab, v1: int):
      v14 = kconst 0
      v15 = kconst 1
      v16 = kconst 1
      v17 = unpack.int v15
      v18 = unpack.int v1
      v19 = icmp le v17, v18
            br v19 block1(v0, v14, v17, v1, v16), block2(v14)
block1(v2: tab, v3: int, v4: i64, v5: int, v6: int):
      v20 = guard.shape v2, S0  ; exit0
            assume.no_mm S0, INDEX
      v21 = tab.props v20
      v22 = slot.get v21, 0
      v23 = guard.type v22, int  ; exit1
      v24 = unpack.int v3
      v25 = unpack.int v23
      v26 = add.i64 v24, v25
      v27 = unpack.int v5
      v28 = iconst 1
      v29 = add.i64 v4, v28
      v30 = icmp le v29, v27
            br v30 block3(v20, v26, v29, v5, v6), block4(v26)
block2(v7: int):
            ret v7
block3(v8: tab<S0>, v9: i64, v10: i64, v11: int, v12: int):
            assume.no_mm S0, INDEX
      v31 = tab.props v8
      v32 = slot.get v31, 0
      v33 = guard.type v32, int  ; exit2
      v34 = unpack.int v33
      v35 = add.i64 v9, v34
      v36 = unpack.int v11
      v37 = iconst 1
      v38 = add.i64 v10, v37
      v39 = icmp le v38, v36
            br v39 block3(v8, v35, v38, v11, v12), block4(v35)
block4(v13: i64):
      v40 = pack.int v13
            ret v40
