---
source: src/jit/frontend/snapshot_tests.rs
expression: "ir_of(&source, &[INT])"
---
block0(v0: int):
      v10 = kconst 2
      v11 = kconst 1
      v12 = unpack.int v0
      v13 = unpack.int v11
      v14 = sub.i64 v12, v13
      v15 = kconst 1
      v16 = unpack.int v10
      v17 = icmp le v16, v14
            br v17 block1(v0, v16, v14, v15, v16), block2
block1(v1: int, v2: i64, v3: i64, v4: int, v5: i64):
      v18 = unpack.int v1
      v19 = iconst 0
      v20 = icmp ne v5, v19
            guard.cond v20  ; exit0
      v21 = mod.i64 v18, v5
      v22 = kconst 0
      v23 = unpack.int v22
      v24 = icmp eq v21, v23
            br v24 block3, block4(v1, v2, v3, v4)
block2:
      v25 = kconst true
            ret v25
block3:
      v26 = kconst false
            ret v26
block4(v6: int, v7: i64, v8: i64, v9: int):
      v27 = iconst 1
      v28 = add.i64 v7, v27
      v29 = icmp le v28, v8
            br v29 block1(v6, v28, v8, v9, v28), block2
