---
source: src/jit/frontend/snapshot_tests.rs
expression: "ir_of(&source, &[INT, INT])"
---
block0(v0: int, v1: int):
      v14 = kconst 0
      v15 = unpack.int v0
      v16 = unpack.int v1
      v17 = icmp lt v15, v16
            br v17 block1(v0), block2(v0)
block1(v2: int):
      v18 = kconst 1
            jump block3(v2, v18)
block2(v3: int):
      v19 = kconst 2
            jump block3(v3, v19)
block3(v4: int, v5: int):
      v20 = kconst 10
      v21 = unpack.int v5
      v22 = unpack.int v20
      v23 = icmp lt v21, v22
            br v23 block4(v4, v5), block5(v5)
block4(v6: int, v7: int):
      v24 = unpack.int v7
      v25 = unpack.int v6
      v26 = add.i64 v24, v25
            jump block6(v6, v26)
block5(v8: int):
            ret v8
block6(v9: int, v10: i64):
      v27 = kconst 10
      v28 = unpack.int v27
      v29 = icmp lt v10, v28
            br v29 block7(v9, v10), block8(v10)
block7(v11: int, v12: i64):
      v30 = unpack.int v11
      v31 = add.i64 v12, v30
            jump block6(v11, v31)
block8(v13: i64):
      v32 = pack.int v13
            ret v32
