---
source: src/compiler/snapshot_tests.rs
expression: output
---
; function (params=0, vararg=true, stack=5, upvalues=1)
; constants:
;   K0 = 1
;   K1 = 2
;   K2 = 3
; upvalues:
;   U0 = local R0
; code:
0000  VARARGPREP      fixed=0
0001  CLOSURE         R0 P0
0002  NEWTABLE        R1
0003  MOVE            R2 R0
0004  LOAD            R3 K0  ; 1
0005  CALL            R2 args=2 ret=2
0006  MOVE            R3 R0
0007  LOAD            R4 K1  ; 2
0008  CALL            R3 args=2 ret=2
0009  SETLIST         R1 count=2 offset=0
0010  MOVE            R2 R0
0011  LOAD            R3 K2  ; 3
0012  CALL            R2 args=2 ret=0
0013  SETLIST         R1 count=0 offset=2
0014  LOAD            R2 K0  ; 1
0015  GETTABLE        R2 R1 R2
0016  LOAD            R3 K1  ; 2
0017  GETTABLE        R3 R1 R3
0018  ADD             R2 R2 R3
0019  LOAD            R3 K2  ; 3
0020  GETTABLE        R3 R1 R3
0021  ADD             R2 R2 R3
0022  RETURN          R2 count=2

; prototype 0:
  ; function (params=1, vararg=false, stack=1, upvalues=0)
  ; code:
  0000  RETURN          R0 count=2
