---
source: src/compiler/snapshot_tests.rs
expression: output
---
; function (params=0, vararg=true, stack=6, upvalues=1)
; constants:
;   K0 = 2
;   K1 = 0
;   K2 = ""
;   K3 = "\n"
;   K4 = "print"
; upvalues:
;   U0 = local R0
; code:
0000  [  1]  VARARGPREP      fixed=0
0001  [  9]  CLOSURE         R0 P0
0002  [ 11]  LOAD            R1 K0  ; 2
0003  [ 12]  LOAD            R2 K1  ; 0
0004  [ 13]  LOAD            R3 K2  ; ""
0005  [ 14]  LTI             R2 #10000 inv=false
0006  [ 14]  JMP             +11
0007  [ 15]  MOVE            R4 R0
0008  [ 15]  MOVE            R5 R1
0009  [ 15]  CALL            R4 args=2 ret=2
0010  [ 15]  TEST            R4 inv=false
0011  [ 15]  JMP             +4
0012  [ 16]  ADDI            R2 R2 #1
0013  [ 17]  LOAD            R4 K3  ; "\n"
0014  [ 17]  CONCAT          R4 R1 R4
0015  [ 17]  CONCAT          R3 R3 R4
0016  [ 20]  ADDI            R1 R1 #1
0017  [ 20]  JMP             -13
0018  [ 23]  GETTABUP        R4 U0 K4  ; "print"
0019  [ 23]  MOVE            R5 R3
0020  [ 23]  CALL            R4 args=2 ret=1
0021  [ 23]  RETURN0

; prototype 0:
  ; function (params=1, vararg=false, stack=6, upvalues=0)
  ; constants:
  ;   K0 = 2
  ;   K1 = 1
  ;   K2 = false
  ;   K3 = true
  ; code:
  0000  [  2]  LOAD            R1 K0  ; 2
  0001  [  2]  SUBI            R2 R0 #1
  0002  [  2]  LOAD            R3 K1  ; 1
  0003  [  2]  FORPREP         R1 +6
  0004  [  3]  MOD             R5 R0 R4
  0005  [  3]  EQI             R5 #0 inv=false
  0006  [  3]  JMP             +2
  0007  [  4]  LOAD            R5 K2  ; false
  0008  [  4]  RETURN1         R5
  0009  [  2]  FORLOOP         R1 -6
  0010  [  8]  LOAD            R1 K3  ; true
  0011  [  8]  RETURN1         R1
