---
source: src/compiler/snapshot_tests.rs
expression: output
---
; function (params=0, vararg=true, stack=5, upvalues=1)
; constants:
;   K0 = 5
;   K1 = 6
;   K2 = "y"
;   K3 = 20000000.0
;   K4 = "z"
; upvalues:
;   U0 = local R0
; code:
0000  VARARGPREP      fixed=0
0001  LOAD            R0 K0  ; 5
0002  MOVE            R1 R0
0003  LOAD            R2 K1  ; 6
0004  UNM             R3 R2
0005  SETTABUP        R3 U0 K2  ; "y"
0006  LOAD            R4 K3  ; 20000000.0
0007  SETTABUP        R4 U0 K4  ; "z"
0008  RETURN          R0 count=1
