---
source: src/compiler/snapshot_tests.rs
expression: output
---
; function (params=0, vararg=true, stack=10, upvalues=1)
; constants:
;   K0 = 2
;   K1 = 0
;   K2 = ""
;   K3 = 1000
;   K4 = true
;   K5 = 1
;   K6 = "\n"
;   K7 = "print"
; upvalues:
;   U0 = local R0
; code:
0000  VARARGPREP      fixed=0
0001  CLOSURE         R0 P0
0002  LOAD            R1 K0  ; 2
0003  LOAD            R2 K1  ; 0
0004  LOAD            R3 K2  ; ""
0005  LOAD            R4 K3  ; 1000
0006  LOAD            R5 K4  ; true
0007  LT              R2 R4 inv=false
0008  LFALSESKIP      R5
0009  TEST            R5 inv=true
0010  JMP             +15
0011  CALL            R0 args=2 ret=2
0012  TEST            R0 inv=true
0013  JMP             +7
0014  LOAD            R6 K5  ; 1
0015  ADD             R7 R2 R6
0016  MMBIN           R2 R6 ADD
0017  MOVE            R2 R7
0018  LOAD            R8 K6  ; "\n"
0019  CONCAT          R9 R1 R8
0020  CONCAT          R3 R3 R9
0021  LOAD            R6 K5  ; 1
0022  ADD             R7 R1 R6
0023  MMBIN           R1 R6 ADD
0024  MOVE            R1 R7
0025  JMP             -21
0026  GETTABUP        R4 U0 K7  ; "print"
0027  MOVE            R5 R3
0028  CALL            R4 args=2 ret=2
0029  RETURN          R0 count=1

; prototype 0:
  ; function (params=1, vararg=false, stack=10, upvalues=0)
  ; constants:
  ;   K0 = 2
  ;   K1 = 1
  ;   K2 = 0
  ;   K3 = true
  ;   K4 = false
  ; code:
  0000  LOAD            R1 K0  ; 2
  0001  LOAD            R4 K1  ; 1
  0002  SUB             R2 R0 R4
  0003  MMBIN           R0 R4 SUB
  0004  LOAD            R3 K1  ; 1
  0005  FORPREP         R1 +11
  0006  MOD             R6 R0 R5
  0007  MMBIN           R0 R5 MOD
  0008  LOAD            R7 K2  ; 0
  0009  LOAD            R8 K3  ; true
  0010  EQ              R6 R7 inv=false
  0011  LFALSESKIP      R8
  0012  TEST            R8 inv=true
  0013  JMP             +2
  0014  LOAD            R9 K4  ; false
  0015  RETURN          R9 count=2
  0016  FORLOOP         R1 -11
  0017  LOAD            R1 K3  ; true
  0018  RETURN          R1 count=2
