---
source: src/compiler/snapshot_tests.rs
expression: output
---
; function (params=0, vararg=true, stack=3, upvalues=1)
; constants:
;   K0 = "hello"
;   K1 = "abc"
;   K2 = "a"
;   K3 = "b"
;   K4 = "c"
; upvalues:
;   U0 = local R0
; code:
0000  [  1]  VARARGPREP      fixed=0
0001  [  6]  LOAD            R0 K0  ; "hello"
0002  [  7]  NEWTABLE        R1
0003  [  8]  LOAD            R2 K1  ; "abc"
0004  [  8]  LEN             R2 R2
0005  [ 10]  SETTABUP        R0 U0 K2  ; "a"
0006  [ 11]  SETTABUP        R1 U0 K3  ; "b"
0007  [ 12]  SETTABUP        R2 U0 K4  ; "c"
0008  [ 12]  RETURN0
