---
source: src/compiler/snapshot_tests.rs
expression: output
---
; function (params=0, vararg=true, stack=2, upvalues=1)
; constants:
;   K0 = "x"
;   K1 = "print"
;   K2 = "x is less than 5"
;   K3 = "z"
;   K4 = "z is less than 5"
;   K5 = "z is greater than 10"
;   K6 = "z is greater than or equal to 5 and less than or equal to 10"
; upvalues:
;   U0 = local R0
; code:
0000  [  1]  VARARGPREP      fixed=0
0001  [  1]  GETTABUP        R0 U0 K0  ; "x"
0002  [  1]  LTI             R0 #5 inv=false
0003  [  1]  JMP             +3
0004  [  2]  GETTABUP        R0 U0 K1  ; "print"
0005  [  2]  LOAD            R1 K2  ; "x is less than 5"
0006  [  2]  CALL            R0 args=2 ret=1
0007  [  5]  GETTABUP        R0 U0 K3  ; "z"
0008  [  5]  LTI             R0 #5 inv=false
0009  [  5]  JMP             +4
0010  [  6]  GETTABUP        R0 U0 K1  ; "print"
0011  [  6]  LOAD            R1 K4  ; "z is less than 5"
0012  [  6]  CALL            R0 args=2 ret=1
0013  [  6]  JMP             +10
0014  [  7]  GETTABUP        R0 U0 K3  ; "z"
0015  [  7]  GTI             R0 #10 inv=false
0016  [  7]  JMP             +4
0017  [  8]  GETTABUP        R0 U0 K1  ; "print"
0018  [  8]  LOAD            R1 K5  ; "z is greater than 10"
0019  [  8]  CALL            R0 args=2 ret=1
0020  [  8]  JMP             +3
0021  [ 10]  GETTABUP        R0 U0 K1  ; "print"
0022  [ 10]  LOAD            R1 K6  ; "z is greater than or equal to 5 and less than or equal to 10"
0023  [ 10]  CALL            R0 args=2 ret=1
0024  [ 11]  RETURN          R0 count=1
