---
source: src/compiler/snapshot_tests.rs
expression: output
---
; function (params=0, vararg=true, stack=3, upvalues=1)
; upvalues:
;   U0 = local R0
; code:
0000  [  1]  FUNC
0001  [  1]  VARARGPREP      fixed=0
0002  [  1]  LOADI           R0 1
0003  [  1]  LOADI           R1 2
0004  [  2]  MOVE            R2 R1
0005  [  2]  MOVE            R1 R0
0006  [  2]  MOVE            R0 R2
0007  [  2]  RETURN          R0 count=1
