---
source: src/compiler/snapshot_tests.rs
expression: output
---
; function (params=0, vararg=true, stack=11, upvalues=1)
; constants:
;   K0 = 5
;   K1 = 10
;   K2 = nil
;   K3 = 15
;   K4 = "abs"
;   K5 = "other1"
;   K6 = "other2"
;   K7 = "other3"
;   K8 = "other4"
; field constants:
;   F0 = "x"
;   F1 = "i"
;   F2 = "k"
;   F3 = "get"
;   F4 = "getf"
;   F5 = "getw"
;   F6 = "getq"
; upvalues:
;   U0 = local R0
; code:
0000  VARARGPREP      fixed=0
0001  LOAD            R0 K0  ; 5
0002  SETTABUP        R0 U0 F0  ; "x"
0003  LOAD            R0 K1  ; 10
0004  LOAD            R1 K2  ; nil
0005  LOAD            R2 K2  ; nil
0006  LOAD            R3 K3  ; 15
0007  LOAD            R4 K4  ; "abs"
0008  TBC             R4
0009  GETTABUP        R5 U0 F3  ; "get"
0010  CALL            R5 args=1 ret=2
0011  LOAD            R6 K5  ; "other1"
0012  SETTABUP        R5 U0 F1  ; "i"
0013  SETTABUP        R6 U0 F2  ; "k"
0014  GETTABUP        R5 U0 F4  ; "getf"
0015  CALL            R5 args=1 ret=2
0016  LOAD            R6 K6  ; "other2"
0017  GETTABUP        R7 U0 F5  ; "getw"
0018  CALL            R7 args=1 ret=2
0019  LOAD            R8 K7  ; "other3"
0020  GETTABUP        R9 U0 F6  ; "getq"
0021  CALL            R9 args=1 ret=2
0022  LOAD            R10 K8  ; "other4"
0023  TBC             R9
0024  TBC             R10
0025  CLOSE           R4
0026  RETURN          R0 count=1
