---
source: src/compiler/snapshot_tests.rs
expression: output
---
; function (params=0, vararg=true, stack=6, upvalues=1)
; constants:
;   K0 = "b"
;   K1 = 1
;   K2 = "x"
;   K3 = 2
;   K4 = 3
;   K5 = "c"
; upvalues:
;   U0 = local R0
; code:
0000  VARARGPREP      fixed=0
0001  CLOSURE         R0 P0
0002  NEWTABLE        R1
0003  LOAD            R2 K1  ; 1
0004  SETFIELD        R2 R1 K0  ; "b"
0005  MOVE            R2 R0
0006  CALL            R2 args=1 ret=2
0007  LOAD            R3 K1  ; 1
0008  LOAD            R4 K3  ; 2
0009  LOAD            R5 K4  ; 3
0010  SETFIELD        R4 R2 K2  ; "x"
0011  SETTABLE        R5 R1 R3
0012  LOAD            R2 K4  ; 3
0013  SETFIELD        R2 R1 K5  ; "c"
0014  GETFIELD        R3 R1 K0  ; "b"
0015  LOAD            R4 K3  ; 2
0016  POW             R3 R3 R4
0017  UNM             R3 R3
0018  LOAD            R4 K1  ; 1
0019  GETTABLE        R4 R1 R4
0020  LEN             R5 R1
0021  MUL             R4 R4 R5
0022  ADD             R3 R3 R4
0023  RETURN          R0 count=1

; prototype 0:
  ; function (params=0, vararg=false, stack=1, upvalues=0)
  ; code:
  0000  NEWTABLE        R0
  0001  RETURN          R0 count=2
