---
source: src/compiler/snapshot_tests.rs
expression: output
---
; function (params=0, vararg=true, stack=1, upvalues=1)
; constants:
;   K0 = "a"
;   K1 = false
;   K2 = "b"
;   K3 = "c"
;   K4 = "d"
; upvalues:
;   U0 = local R0
; code:
0000  [  1]  FUNC
0001  [  1]  VARARGPREP      fixed=0
0002  [  5]  LOADI           R0 1
0003  [  5]  SETTABUP        R0 U0 K0  ; "a"
0004  [  8]  LOAD            R0 K1  ; false
0005  [  8]  JF              R0 +2
0006  [  9]  LOADI           R0 2
0007  [  9]  SETTABUP        R0 U0 K2  ; "b"
0008  [ 13]  LOADI           R0 5
0009  [ 13]  SETTABUP        R0 U0 K3  ; "c"
0010  [ 14]  LOADI           R0 7
0011  [ 14]  SETTABUP        R0 U0 K4  ; "d"
0012  [ 14]  RETURN          R0 count=1
