---
source: src/compiler/snapshot_tests.rs
expression: output
---
; function (params=0, vararg=true, stack=1, upvalues=1)
; upvalues:
;   U0 = local R0
; code:
0000  VARARGPREP      fixed=0
0001  CLOSURE         R0 P0
0002  RETURN          R0 count=1

; prototype 0:
  ; function (params=1, vararg=false, stack=7, upvalues=1)
  ; constants:
  ;   K0 = 2
  ;   K1 = 1
  ; upvalues:
  ;   U0 = local R0
  ; code:
  0000  LOAD            R1 K0  ; 2
  0001  LT              R0 R1 inv=false
  0002  JMP             +2
  0003  MOVE            R2 R0
  0004  RETURN          R2 count=2
  0005  GETUPVAL        R3 U0
  0006  LOAD            R4 K1  ; 1
  0007  SUB             R4 R0 R4
  0008  CALL            R3 args=2 ret=2
  0009  GETUPVAL        R5 U0
  0010  LOAD            R6 K0  ; 2
  0011  SUB             R6 R0 R6
  0012  CALL            R5 args=2 ret=2
  0013  ADD             R2 R3 R5
  0014  RETURN          R2 count=2
