---
source: src/compiler/snapshot_tests.rs
expression: output
---
; function (params=0, vararg=true, stack=5, upvalues=1)
; constants:
;   K0 = "P"
;   K1 = "Q"
;   K2 = "p"
;   K3 = "q"
;   K4 = "print"
;   K5 = "a"
;   K6 = "b"
;   K7 = "A"
;   K8 = "B"
; upvalues:
;   U0 = local R0
; code:
0000  [  1]  VARARGPREP      fixed=0
0001  [  2]  LOAD            R0 K0  ; "P"
0002  [  2]  LOAD            R1 K1  ; "Q"
0003  [  3]  MOVE            R2 R0
0004  [  3]  MOVE            R3 R1
0005  [  3]  GETTABUP        R4 U0 K2  ; "p"
0006  [  3]  ERRNNIL         R4 name=K2
0007  [  3]  SETTABUP        R2 U0 K2  ; "p"
0008  [  3]  GETTABUP        R4 U0 K3  ; "q"
0009  [  3]  ERRNNIL         R4 name=K3
0010  [  3]  SETTABUP        R3 U0 K3  ; "q"
0011  [  4]  GETTABUP        R2 U0 K4  ; "print"
0012  [  4]  GETTABUP        R3 U0 K2  ; "p"
0013  [  4]  GETTABUP        R4 U0 K3  ; "q"
0014  [  4]  CALL            R2 args=3 ret=1
0015  [  5]  LOAD            R2 K7  ; "A"
0016  [  5]  LOAD            R3 K8  ; "B"
0017  [  5]  SETTABUP        R2 U0 K5  ; "a"
0018  [  5]  SETTABUP        R3 U0 K6  ; "b"
0019  [  5]  RETURN          R0 count=1
