---
source: src/compiler/snapshot_tests.rs
expression: output
---
; function (params=0, vararg=true, stack=1, upvalues=1)
; constants:
;   K0 = "a"
;   K1 = "b"
;   K2 = "c"
;   K3 = "d"
;   K4 = 1.5
;   K5 = "e"
;   K6 = 0.0
;   K7 = "f"
;   K8 = "x"
;   K9 = "g"
;   K10 = "h"
;   K11 = "abc"
; upvalues:
;   U0 = local R0
; code:
0000  [  1]  FUNC
0001  [  1]  VARARGPREP      fixed=0
0002  [  5]  LOADI           R0 1
0003  [  5]  DIVI            R0 R0 #0
0004  [  5]  SETTABUP        R0 U0 K0  ; "a"
0005  [  6]  LOADI           R0 0
0006  [  6]  RIDIVI          R0 R0 #1
0007  [  6]  SETTABUP        R0 U0 K1  ; "b"
0008  [  7]  LOADI           R0 0
0009  [  7]  RMODI           R0 R0 #5
0010  [  7]  SETTABUP        R0 U0 K2  ; "c"
0011  [ 10]  LOAD            R0 K4  ; 1.5
0012  [ 10]  BANDI           R0 R0 #2
0013  [ 10]  SETTABUP        R0 U0 K3  ; "d"
0014  [ 13]  LOAD            R0 K6  ; 0.0
0015  [ 13]  SUBI            R0 R0 #0.0
0016  [ 13]  SETTABUP        R0 U0 K5  ; "e"
0017  [ 16]  GETTABUP        R0 U0 K8  ; "x"
0018  [ 16]  ADDI            R0 R0 #1
0019  [ 16]  SETTABUP        R0 U0 K7  ; "f"
0020  [ 17]  GETTABUP        R0 U0 K8  ; "x"
0021  [ 17]  UNM             R0 R0
0022  [ 17]  SETTABUP        R0 U0 K9  ; "g"
0023  [ 20]  LOAD            R0 K11  ; "abc"
0024  [ 20]  LEN             R0 R0
0025  [ 20]  SETTABUP        R0 U0 K10  ; "h"
0026  [ 20]  RETURN          R0 count=1
