---
source: src/compiler/snapshot_tests.rs
expression: output
---
; function (params=0, vararg=true, stack=9, upvalues=1)
; upvalues:
;   U0 = local R0
; code:
0000  [  1]  FUNC
0001  [  1]  VARARGPREP      fixed=0
0002  [  1]  CLOSURE         R0 P0
0003  [  2]  NEWTABLE        R1 T0  ; {} items=2
0004  [  2]  LOADI           R6 1
0005  [  2]  CALLS_R1        R2 args=2 f=R0
0006  [  2]  LOADI           R7 2
0007  [  2]  CALLS_R1        R3 args=2 f=R0
0008  [  2]  LOADI           R8 3
0009  [  2]  CALLS           R4 args=2 ret=0 f=R0
0010  [  2]  SETLIST         R1 count=0 offset=0
0011  [  3]  LOADI           R2 1
0012  [  3]  GETTABLE        R2 R1 R2
0013  [  3]  LOADI           R3 2
0014  [  3]  GETTABLE        R3 R1 R3
0015  [  3]  ADD             R2 R2 R3
0016  [  3]  LOADI           R3 3
0017  [  3]  GETTABLE        R3 R1 R3
0018  [  3]  ADD             R2 R2 R3
0019  [  3]  RETURN          R2 count=2

; prototype 0:
  ; function (params=1, vararg=false, stack=1, upvalues=0)
  ; code:
  0000  [  1]  FUNC
  0001  [  1]  RETURN1         R0
