---
source: src/compiler/snapshot_tests.rs
expression: output
---
; function (params=0, vararg=true, stack=9, upvalues=1)
; constants:
;   K0 = "id"
;   K1 = "add"
;   K2 = "chain"
;   K3 = 1
;   K4 = 2
; upvalues:
;   U0 = local R0
; code:
0000  VARARGPREP      fixed=0
0001  NEWTABLE        R0
0002  CLOSURE         R1 P0
0003  SETFIELD        R1 R0 K0  ; "id"
0004  CLOSURE         R1 P1
0005  SETFIELD        R1 R0 K1  ; "add"
0006  CLOSURE         R1 P2
0007  SETFIELD        R1 R0 K2  ; "chain"
0008  SELF            R1 R0 K0  ; "id"
0009  CALL            R1 args=2 ret=2
0010  SELF            R2 R0 K1  ; "add"
0011  LOAD            R4 K3  ; 1
0012  LOAD            R5 K4  ; 2
0013  CALL            R2 args=4 ret=2
0014  CLOSURE         R3 P3
0015  MOVE            R4 R3
0016  SELF            R5 R0 K0  ; "id"
0017  CALL            R5 args=2 ret=0
0018  CALL            R4 args=0 ret=2
0019  SELF            R5 R0 K2  ; "chain"
0020  CALL            R5 args=2 ret=2
0021  SELF            R6 R5 K0  ; "id"
0022  CALL            R6 args=2 ret=2
0023  MOVE            R5 R6
0024  CLOSURE         R6 P4
0025  MOVE            R7 R6
0026  MOVE            R8 R0
0027  CALL            R7 args=2 ret=1
0028  RETURN          R2 count=2

; prototype 0:
  ; function (params=1, vararg=false, stack=1, upvalues=0)
  ; code:
  0000  RETURN          R0 count=2

; prototype 1:
  ; function (params=3, vararg=false, stack=4, upvalues=0)
  ; code:
  0000  ADD             R3 R1 R2
  0001  RETURN          R3 count=2

; prototype 2:
  ; function (params=1, vararg=false, stack=1, upvalues=0)
  ; code:
  0000  RETURN          R0 count=2

; prototype 3:
  ; function (params=1, vararg=false, stack=1, upvalues=0)
  ; code:
  0000  RETURN          R0 count=2

; prototype 4:
  ; function (params=1, vararg=false, stack=3, upvalues=0)
  ; constants:
  ;   K0 = "id"
  ; code:
  0000  SELF            R1 R0 K0  ; "id"
  0001  TAILCALL        R1 args=2
