---
source: src/compiler/snapshot_tests.rs
expression: output
---
; function (params=0, vararg=true, stack=5, upvalues=1)
; upvalues:
;   U0 = local R0
; code:
0000  [  1]  VARARGPREP      fixed=0
0001  [  1]  LOADI           R0 1
0002  [  1]  LOADI           R1 2
0003  [  1]  LOADI           R2 3
0004  [  2]  MOVE            R3 R1
0005  [  2]  MOVE            R4 R2
0006  [  2]  MOVE            R2 R0
0007  [  2]  MOVE            R1 R4
0008  [  2]  MOVE            R0 R3
0009  [  2]  RETURN          R0 count=1
