---
source: src/compiler/snapshot_tests.rs
expression: output
---
; function (params=0, vararg=true, stack=2, upvalues=1)
; constants:
;   K0 = 1
;   K1 = 2
; field constants:
;   F0 = "X"
; upvalues:
;   U0 = local R0
; code:
0000  VARARGPREP      fixed=0
0001  LOAD            R0 K0  ; 1
0002  SETTABUP        R0 U0 F0  ; "X"
0003  LOAD            R0 K1  ; 2
0004  GETTABUP        R1 U0 F0  ; "X"
0005  ERRNNIL         R1 name=F0  ; "X"
0006  SETTABUP        R0 U0 F0  ; "X"
0007  RETURN          R0 count=1
