---
source: src/compiler/snapshot_tests.rs
assertion_line: 132
expression: output
---
; function (params=0, vararg=true, stack=2, upvalues=1)
; constants:
;   K0 = "a"
;   K1 = 1
;   K2 = false
;   K3 = "b"
;   K4 = 2
;   K5 = "c"
;   K6 = 5
;   K7 = "d"
;   K8 = 7
; upvalues:
;   U0 = local R0
; code:
0000  VARARGPREP      fixed=0
0001  LOAD            R0 K1  ; 1
0002  SETTABUP        R0 U0 K0  ; "a"
0003  LOAD            R0 K2  ; false
0004  TEST            R0 inv=false
0005  JMP             +2
0006  LOAD            R1 K4  ; 2
0007  SETTABUP        R1 U0 K3  ; "b"
0008  LOAD            R1 K6  ; 5
0009  SETTABUP        R1 U0 K5  ; "c"
0010  LOAD            R1 K8  ; 7
0011  SETTABUP        R1 U0 K7  ; "d"
0012  RETURN          R0 count=1
