---
source: src/compiler/snapshot_tests.rs
expression: output
---
; function (params=0, vararg=true, stack=3, upvalues=1)
; constants:
;   K0 = "v"
;   K1 = 5
;   K2 = "inner"
;   K3 = "get"
;   K4 = "add"
;   K5 = "m"
;   K6 = "plain"
; upvalues:
;   U0 = local R0
; code:
0000  VARARGPREP      fixed=0
0001  NEWTABLE        R0
0002  LOAD            R1 K1  ; 5
0003  SETFIELD        R1 R0 K0  ; "v"
0004  NEWTABLE        R1
0005  SETFIELD        R1 R0 K2  ; "inner"
0006  CLOSURE         R1 P0
0007  SETFIELD        R1 R0 K3  ; "get"
0008  CLOSURE         R1 P1
0009  SETFIELD        R1 R0 K4  ; "add"
0010  CLOSURE         R1 P2
0011  GETFIELD        R2 R0 K2  ; "inner"
0012  SETFIELD        R1 R2 K5  ; "m"
0013  CLOSURE         R1 P3
0014  GETFIELD        R2 R0 K2  ; "inner"
0015  SETFIELD        R1 R2 K6  ; "plain"
0016  RETURN          R0 count=1

; prototype 0:
  ; function (params=1, vararg=false, stack=2, upvalues=0)
  ; constants:
  ;   K0 = "v"
  ; code:
  0000  GETFIELD        R1 R0 K0  ; "v"
  0001  RETURN          R1 count=2

; prototype 1:
  ; function (params=2, vararg=true, stack=4, upvalues=0)
  ; constants:
  ;   K0 = "v"
  ; code:
  0000  VARARGPREP      fixed=2
  0001  GETFIELD        R3 R0 K0  ; "v"
  0002  ADD             R2 R3 R1
  0003  VARARG          R3 count=0
  0004  RETURN          R2 count=0

; prototype 2:
  ; function (params=2, vararg=false, stack=4, upvalues=0)
  ; code:
  0000  MOVE            R2 R0
  0001  MOVE            R3 R1
  0002  RETURN          R2 count=3

; prototype 3:
  ; function (params=1, vararg=false, stack=1, upvalues=0)
  ; code:
  0000  RETURN          R0 count=2
