---
source: src/compiler/snapshot_tests.rs
expression: output
---
; function (params=0, vararg=true, stack=22, upvalues=1)
; constants:
;   K0 = 3
;   K1 = 4
;   K2 = 1
;   K3 = 6
;   K4 = "print"
; upvalues:
;   U0 = local R0
; code:
0000  VARARGPREP      fixed=0
0001  CLOSURE         R0 P0
0002  CLOSURE         R1 P1
0003  CLOSURE         R2 P2
0004  CLOSURE         R3 P3
0005  MOVE            R5 R2
0006  LOAD            R6 K0  ; 3
0007  LOAD            R7 K1  ; 4
0008  CALL            R5 args=3 ret=2
0009  MOVE            R4 R5
0010  MOVE            R9 R1
0011  LOAD            R10 K0  ; 3
0012  LOAD            R11 K2  ; 1
0013  CALL            R9 args=3 ret=2
0014  MOVE            R8 R9
0015  MOVE            R13 R3
0016  LOAD            R14 K3  ; 6
0017  MOVE            R15 R8
0018  CALL            R13 args=3 ret=2
0019  MOVE            R12 R13
0020  MOVE            R17 R0
0021  MOVE            R18 R4
0022  MOVE            R19 R12
0023  CALL            R17 args=3 ret=2
0024  MOVE            R16 R17
0025  GETTABUP        R20 U0 K4  ; "print"
0026  MOVE            R21 R16
0027  CALL            R20 args=2 ret=2
0028  RETURN          R0 count=1

; prototype 0:
  ; function (params=2, vararg=false, stack=3, upvalues=0)
  ; code:
  0000  ADD             R2 R0 R1
  0001  RETURN          R2 count=2

; prototype 1:
  ; function (params=2, vararg=false, stack=3, upvalues=0)
  ; code:
  0000  SUB             R2 R0 R1
  0001  RETURN          R2 count=2

; prototype 2:
  ; function (params=2, vararg=false, stack=3, upvalues=0)
  ; code:
  0000  MUL             R2 R0 R1
  0001  RETURN          R2 count=2

; prototype 3:
  ; function (params=2, vararg=false, stack=3, upvalues=0)
  ; code:
  0000  DIV             R2 R0 R1
  0001  RETURN          R2 count=2
