---
source: src/compiler/snapshot_tests.rs
expression: output
---
; function (params=0, vararg=true, stack=5, upvalues=1)
; upvalues:
;   U0 = local R0
; code:
0000  [  1]  FUNC
0001  [  1]  VARARGPREP      fixed=0
0002  [  1]  CLOSURE         R0 P0
0003  [  2]  CALLS_R0        R1 args=1 f=R0
0004  [  2]  CALLS_R0        R1 args=1 f=R0
0005  [  3]  LOADI           R1 1
0006  [  3]  LOADI           R2 2
0007  [  4]  NOT             R3 R1
0008  [  4]  JF              R3 +2
0009  [  4]  LOADI           R3 1
0010  [  4]  RETURN          R3 count=2
0011  [  5]  ADD             R3 R1 R2
0012  [  5]  RETURN          R3 count=2

; prototype 0:
  ; function (params=0, vararg=false, stack=0, upvalues=0)
  ; code:
  0000  [  1]  FUNC
  0001  [  1]  RETURN0
