---
source: src/compiler/snapshot_tests.rs
expression: output
---
; function (params=0, vararg=true, stack=6, upvalues=1)
; constants:
;   K0 = "b"
;   K1 = "x"
;   K2 = "c"
; upvalues:
;   U0 = local R0
; code:
0000  [  1]  VARARGPREP      fixed=0
0001  [  1]  CLOSURE         R0 P0
0002  [  2]  NEWTABLE        R1 T0  ; {}
0003  [  3]  LOADI           R2 1
0004  [  3]  SETFIELD        R2 R1 K0  ; "b"
0005  [  4]  CALLS_R1        R2 args=1 f=R0
0006  [  4]  LOADI           R3 1
0007  [  4]  LOADI           R4 2
0008  [  4]  LOADI           R5 3
0009  [  4]  SETTABLE        R5 R1 R3
0010  [  4]  SETFIELD        R4 R2 K1  ; "x"
0011  [  5]  LOADI           R2 3
0012  [  6]  SETFIELD        R2 R1 K2  ; "c"
0013  [  7]  GETFIELD        R3 R1 K0  ; "b"
0014  [  7]  POWI            R3 R3 #2
0015  [  7]  UNM             R3 R3
0016  [  7]  LOADI           R4 1
0017  [  7]  GETTABLE        R4 R1 R4
0018  [  7]  LEN             R5 R1
0019  [  7]  MUL             R4 R4 R5
0020  [  7]  ADD             R3 R3 R4
0021  [  7]  RETURN          R0 count=1

; prototype 0:
  ; function (params=0, vararg=false, stack=1, upvalues=0)
  ; code:
  0000  [  1]  NEWTABLE        R0 T0  ; {}
  0001  [  1]  RETURN1         R0
