---
source: src/compiler/snapshot_tests.rs
expression: output
---
; function (params=0, vararg=true, stack=6, upvalues=1)
; constants:
;   K0 = true
; upvalues:
;   U0 = local R0
; code:
0000  [  1]  FUNC
0001  [  1]  VARARGPREP      fixed=0
0002  [  1]  CLOSURE         R0 P0
0003  [  2]  LOAD            R1 K0  ; true
0004  [  3]  JFSET           R2 R1 +1
0005  [  3]  CALLS_R1        R2 args=1 f=R0
0006  [  4]  RETURN          R2 count=2

; prototype 0:
  ; function (params=0, vararg=false, stack=1, upvalues=0)
  ; code:
  0000  [  1]  FUNC
  0001  [  1]  LOADI           R0 42
  0002  [  1]  RETURN1         R0
