---
source: src/compiler/snapshot_tests.rs
expression: output
---
; function (params=0, vararg=true, stack=15, upvalues=1)
; constants:
;   K0 = 1
; upvalues:
;   U0 = local R0
; code:
0000  [  1]  FUNC
0001  [  1]  VARARGPREP      fixed=0
0002  [  2]  NEWTABLE        R0 T0  ; {}
0003  [  2]  LOADI           R1 0
0004  [  4]  ADDI            R1 R1 #1
0005  [  6]  MOVE            R2 R1
0006  [  7]  CLOSURE         R3 P0
0007  [  7]  SETTABLE        R3 R0 R1
0008  [  8]  JNLTI           R1 #3 +2
0009  [  8]  CLOSE           R2
0010  [  8]  JMP_BACK        -7
0011  [  8]  CLOSE           R2
0012  [ 12]  NEWTABLE        R2 T0  ; {}
0013  [ 12]  LOADI           R3 0
0014  [ 14]  ADDI            R3 R3 #1
0015  [ 15]  MOVE            R4 R3
0016  [ 16]  CLOSURE         R5 P1
0017  [ 16]  SETTABLE        R5 R2 R3
0018  [ 17]  JNLTI           R3 #3 +2
0019  [ 17]  CLOSE           R4
0020  [ 17]  JMP_BACK        -7
0021  [ 20]  LOADNIL         R5 count=1
0022  [ 22]  LOADI           R6 42
0023  [ 23]  CLOSURE         R5 P2
0024  [ 24]  JMP             +1
0025  [ 24]  CLOSE           R6
0026  [ 26]  CLOSE           R6
0027  [ 27]  LOADI           R6 7
0028  [ 30]  NEWTABLE        R7 T0  ; {}
0029  [ 31]  LOADI           R8 1
0030  [ 31]  LOADI           R9 4
0031  [ 31]  LOAD            R10 K0  ; 1
0032  [ 31]  FORPREP         R8 +10
0033  [ 32]  MOVE            R12 R11
0034  [ 33]  MODI            R13 R11 #2
0035  [ 33]  JNEQI           R13 #0 +1
0036  [ 33]  JMP             +4
0037  [ 34]  LEN             R13 R7
0038  [ 34]  ADDI            R13 R13 #1
0039  [ 34]  CLOSURE         R14 P3
0040  [ 34]  SETTABLE        R14 R7 R13
0041  [ 35]  CLOSE           R11
0042  [ 31]  FORLOOP         R8 -10
0043  [ 39]  JMP             +0
0044  [ 41]  RETURN          R0 count=1

; prototype 0:
  ; function (params=0, vararg=false, stack=1, upvalues=1)
  ; upvalues:
  ;   U0 = local R2
  ; code:
  0000  [  7]  FUNC
  0001  [  7]  GETUPVAL        R0 U0
  0002  [  7]  RETURN1         R0

; prototype 1:
  ; function (params=0, vararg=false, stack=1, upvalues=1)
  ; upvalues:
  ;   U0 = local R4
  ; code:
  0000  [ 16]  FUNC
  0001  [ 16]  GETUPVAL        R0 U0
  0002  [ 16]  RETURN1         R0

; prototype 2:
  ; function (params=0, vararg=false, stack=1, upvalues=1)
  ; upvalues:
  ;   U0 = local R6
  ; code:
  0000  [ 23]  FUNC
  0001  [ 23]  GETUPVAL        R0 U0
  0002  [ 23]  RETURN1         R0

; prototype 3:
  ; function (params=0, vararg=false, stack=1, upvalues=1)
  ; upvalues:
  ;   U0 = local R12
  ; code:
  0000  [ 34]  FUNC
  0001  [ 34]  GETUPVAL        R0 U0
  0002  [ 34]  RETURN1         R0
