---
source: src/compiler/snapshot_tests.rs
expression: output
---
; function (params=0, vararg=true, stack=5, upvalues=1)
; constants:
;   K0 = 2
; upvalues:
;   U0 = local R0
; code:
0000  [  1]  VARARGPREP      fixed=0
0001  [  1]  CLOSURE         R0 P0
0002  [  2]  MOVE            R1 R0
0003  [  2]  MOVE            R2 R0
0004  [  2]  MOVE            R3 R0
0005  [  2]  LOAD            R4 K0  ; 2
0006  [  2]  CALL            R3 args=2 ret=0
0007  [  2]  CALL            R2 args=0 ret=0
0008  [  2]  TAILCALL        R1 args=0

; prototype 0:
  ; function (params=1, vararg=false, stack=2, upvalues=0)
  ; code:
  0000  [  1]  ADDI            R1 R0 #1
  0001  [  1]  RETURN1         R1
