---
source: src/compiler/snapshot_tests.rs
expression: output
---
; function (params=0, vararg=true, stack=3, upvalues=1)
; constants:
;   K0 = 1
; upvalues:
;   U0 = local R0
; code:
0000  [  1]  VARARGPREP      fixed=0
0001  [  1]  CLOSURE         R0 P0
0002  [  2]  MOVE            R1 R0
0003  [  2]  CALL            R1 args=1 ret=1
0004  [  3]  LOAD            R1 K0  ; 1
0005  [  4]  NOT             R2 R1
0006  [  4]  TEST            R2 inv=false
0007  [  4]  JMP             +2
0008  [  4]  LOAD            R2 K0  ; 1
0009  [  4]  RETURN1         R2
0010  [  4]  RETURN0

; prototype 0:
  ; function (params=0, vararg=false, stack=0, upvalues=0)
  ; code:
  0000  [  1]  RETURN0
