---
source: src/compiler/snapshot_tests.rs
assertion_line: 135
expression: output
---
; function (params=0, vararg=true, stack=3, upvalues=1)
; constants:
;   K0 = "hello"
;   K1 = "abc"
;   K2 = "a"
;   K3 = "b"
;   K4 = "c"
; upvalues:
;   U0 = local R0
; code:
0000  VARARGPREP      fixed=0
0001  LOAD            R0 K0  ; "hello"
0002  NEWTABLE        R1
0003  LOAD            R2 K1  ; "abc"
0004  LEN             R2 R2
0005  SETTABUP        R0 U0 K2  ; "a"
0006  SETTABUP        R1 U0 K3  ; "b"
0007  SETTABUP        R2 U0 K4  ; "c"
0008  RETURN          R0 count=1
