---
source: src/compiler/snapshot_tests.rs
expression: output
---
; function (params=0, vararg=true, stack=5, upvalues=1)
; upvalues:
;   U0 = local R0
; code:
0000  [  1]  FUNC
0001  [  1]  VARARGPREP      fixed=0
0002  [  3]  LOADNIL         R0 count=3
0003  [  4]  CLOSURE         R3 P0
0004  [  5]  CLOSURE         R4 P1
0005  [  5]  RETURN          R0 count=1

; prototype 0:
  ; function (params=0, vararg=false, stack=1, upvalues=2)
  ; upvalues:
  ;   U0 = local R0, cell
  ;   U1 = local R1
  ; code:
  0000  [  4]  FUNC
  0001  [  4]  CLOSURE         R0 P0
  0002  [  4]  SETUPVAL        R0 U0
  0003  [  4]  RETURN0

  ; prototype 0:
    ; function (params=0, vararg=false, stack=1, upvalues=1)
    ; upvalues:
    ;   U0 = upvalue U1
    ; code:
    0000  [  4]  FUNC
    0001  [  4]  GETUPVAL        R0 U0
    0002  [  4]  RETURN1         R0

; prototype 1:
  ; function (params=0, vararg=false, stack=2, upvalues=2)
  ; constants:
  ;   K0 = "gg"
  ; upvalues:
  ;   U0 = upvalue U0
  ;   U1 = local R2
  ; code:
  0000  [  5]  FUNC
  0001  [  5]  CLOSURE         R0 P0
  0002  [  5]  GETTABUP        R1 U0 K0  ; "gg"
  0003  [  5]  ERRNNIL         R1 name=K0
  0004  [  5]  SETTABUP        R0 U0 K0  ; "gg"
  0005  [  5]  RETURN0

  ; prototype 0:
    ; function (params=0, vararg=false, stack=1, upvalues=1)
    ; upvalues:
    ;   U0 = upvalue U1
    ; code:
    0000  [  5]  FUNC
    0001  [  5]  GETUPVAL        R0 U0
    0002  [  5]  RETURN1         R0
