---
source: src/compiler/snapshot_tests.rs
expression: output
---
; function (params=0, vararg=true, stack=2, upvalues=1)
; constants:
;   K0 = 7
; upvalues:
;   U0 = local R0
; code:
0000  [  1]  VARARGPREP      fixed=0
0001  [  4]  LOAD            R0 K0  ; 7
0002  [ 11]  CLOSURE         R1 P0
0003  [ 13]  RETURN1         R1

; prototype 0:
  ; function (params=0, vararg=false, stack=1, upvalues=0)
  ; code:
  0000  [  9]  CLOSURE         R0 P0
  0001  [ 10]  RETURN1         R0

  ; prototype 0:
    ; function (params=0, vararg=false, stack=1, upvalues=0)
    ; constants:
    ;   K0 = 8
    ; code:
    0000  [  8]  LOAD            R0 K0  ; 8
    0001  [  8]  RETURN1         R0
