---
source: src/compiler/snapshot_tests.rs
expression: output
---
; function (params=0, vararg=true, stack=3, upvalues=1)
; constants:
;   K0 = 1
;   K1 = 2
; upvalues:
;   U0 = local R0
; code:
0000  VARARGPREP      fixed=0
0001  LOAD            R0 K0  ; 1
0002  LOAD            R1 K1  ; 2
0003  MOVE            R2 R0
0004  MOVE            R0 R1
0005  MOVE            R1 R2
0006  RETURN          R0 count=1
