---
source: src/compiler/snapshot_tests.rs
expression: output
---
; function (params=0, vararg=true, stack=26, upvalues=1)
; constants:
;   K0 = "meth"
; upvalues:
;   U0 = local R0
; code:
0000  [  1]  FUNC
0001  [  1]  VARARGPREP      fixed=0
0002  [  5]  CLOSURE         R0 P0
0003  [  8]  CALLS           R1 args=1 ret=3 f=R0
0004  [ 11]  CALLS_R1        R3 args=1 f=R0
0005  [ 11]  LOADNIL         R4 count=1
0006  [ 14]  NEWTABLE        R5 T0  ; {}
0007  [ 17]  CLOSURE         R6 P1
0008  [ 17]  SETFIELD        R6 R5 K0  ; "meth"
0009  [ 18]  SELF            R6 R5 K0  ; "meth"
0010  [ 18]  CALL            R6 args=2 ret=3
0011  [ 20]  SELF            R8 R5 K0  ; "meth"
0012  [ 20]  CALL_R1         R8 args=2
0013  [ 20]  LOADNIL         R9 count=1
0014  [ 28]  CLOSURE         R10 P2
0015  [ 38]  CLOSURE         R11 P3
0016  [ 43]  CLOSURE         R12 P4
0017  [ 48]  CLOSURE         R13 P5
0018  [ 50]  MOVE            R14 R1
0019  [ 50]  MOVE            R15 R2
0020  [ 50]  MOVE            R16 R3
0021  [ 50]  MOVE            R17 R4
0022  [ 50]  MOVE            R18 R6
0023  [ 50]  MOVE            R19 R7
0024  [ 50]  MOVE            R20 R8
0025  [ 50]  MOVE            R21 R9
0026  [ 50]  MOVE            R22 R11
0027  [ 50]  MOVE            R23 R12
0028  [ 50]  MOVE            R24 R13
0029  [ 50]  MOVE            R25 R10
0030  [ 50]  RETURN          R14 count=13

; prototype 0:
  ; function (params=0, vararg=false, stack=2, upvalues=0)
  ; code:
  0000  [  3]  FUNC
  0001  [  4]  LOADI           R0 10
  0002  [  4]  LOADI           R1 20
  0003  [  4]  RETURN          R0 count=3

; prototype 1:
  ; function (params=1, vararg=false, stack=3, upvalues=0)
  ; code:
  0000  [ 15]  FUNC
  0001  [ 16]  LOADI           R1 10
  0002  [ 16]  LOADI           R2 20
  0003  [ 16]  RETURN          R1 count=3

; prototype 2:
  ; function (params=0, vararg=false, stack=5, upvalues=1)
  ; constants:
  ;   K0 = "meth"
  ; upvalues:
  ;   U0 = local R5
  ; code:
  0000  [ 25]  FUNC
  0001  [ 26]  GETUPVAL        R0 U0
  0002  [ 26]  SELF            R0 R0 K0  ; "meth"
  0003  [ 26]  CALL            R0 args=2 ret=3
  0004  [ 27]  MOVE            R2 R0
  0005  [ 27]  MOVE            R3 R1
  0006  [ 27]  RETURN          R2 count=3

; prototype 3:
  ; function (params=0, vararg=true, stack=12, upvalues=0)
  ; code:
  0000  [ 30]  FUNC
  0001  [ 30]  VARARGPREP      fixed=0
  0002  [ 32]  VARARG          R0 count=3
  0003  [ 34]  VARARG          R2 count=2
  0004  [ 34]  LOADNIL         R3 count=1
  0005  [ 36]  VARARG          R4 count=2
  0006  [ 36]  LOADNIL         R5 count=1
  0007  [ 37]  MOVE            R6 R0
  0008  [ 37]  MOVE            R7 R1
  0009  [ 37]  MOVE            R8 R2
  0010  [ 37]  MOVE            R9 R3
  0011  [ 37]  MOVE            R10 R4
  0012  [ 37]  MOVE            R11 R5
  0013  [ 37]  RETURN          R6 count=7

; prototype 4:
  ; function (params=0, vararg=false, stack=4, upvalues=1)
  ; upvalues:
  ;   U0 = local R0
  ; code:
  0000  [ 41]  FUNC
  0001  [ 42]  GETUPVAL        R0 U0
  0002  [ 42]  CALL_R1         R0 args=1
  0003  [ 42]  RETURN1         R0

; prototype 5:
  ; function (params=0, vararg=false, stack=4, upvalues=1)
  ; upvalues:
  ;   U0 = local R0
  ; code:
  0000  [ 46]  FUNC
  0001  [ 47]  GETUPVAL        R0 U0
  0002  [ 47]  TAILCALL        R0 args=1
