---
source: src/compiler/snapshot_tests.rs
assertion_line: 86
expression: output
---
; function (params=0, vararg=true, stack=5, upvalues=1)
; constants:
;   K0 = 1
;   K1 = 2
; upvalues:
;   U0 = local R0
; code:
0000  VARARGPREP      fixed=0
0001  CLOSURE         R0 P0
0002  MOVE            R1 R0
0003  CALL            R1 args=1 ret=1
0004  MOVE            R1 R0
0005  CALL            R1 args=1 ret=1
0006  LOAD            R1 K0  ; 1
0007  LOAD            R2 K1  ; 2
0008  NOT             R3 R1
0009  TEST            R3 inv=false
0010  JMP             +2
0011  LOAD            R4 K0  ; 1
0012  RETURN          R4 count=2
0013  ADD             R4 R1 R2
0014  RETURN          R4 count=2

; prototype 0:
  ; function (params=0, vararg=false, stack=0, upvalues=0)
  ; code:
  0000  RETURN          R0 count=1
