---
source: src/compiler/snapshot_tests.rs
expression: output
---
; function (params=0, vararg=true, stack=2, upvalues=1)
; constants:
;   K0 = 1
; upvalues:
;   U0 = local R0
; code:
0000  [  1]  VARARGPREP      fixed=0
0001  [  1]  LOAD            R0 K0  ; 1
0002  [  2]  ADDI            R1 R0 #2
0003  [  2]  ADDI            R1 R1 #3
0004  [  2]  ADDI            R1 R1 #4
0005  [  3]  RETURN1         R1
