---
source: src/compiler/snapshot_tests.rs
expression: output
---
; function (params=0, vararg=true, stack=6, upvalues=1)
; constants:
;   K0 = "Hello"
;   K1 = ", World"
;   K2 = "print"
; upvalues:
;   U0 = local R0
; code:
0000  VARARGPREP      fixed=0
0001  LOAD            R0 K0  ; "Hello"
0002  LOAD            R1 K1  ; ", World"
0003  CONCAT          R2 R0 R1
0004  MOVE            R3 R2
0005  GETTABUP        R4 U0 K2  ; "print"
0006  MOVE            R5 R3
0007  CALL            R4 args=2 ret=2
0008  RETURN          R0 count=1
