---
source: src/compiler/snapshot_tests.rs
expression: output
---
; function (params=0, vararg=true, stack=11, upvalues=1)
; constants:
;   K0 = "x"
;   K1 = "abs"
;   K2 = "i"
;   K3 = "k"
;   K4 = "get"
;   K5 = "other1"
;   K6 = "getf"
;   K7 = "other2"
;   K8 = "getw"
;   K9 = "getq"
;   K10 = "other4"
; upvalues:
;   U0 = local R0
; code:
0000  [  1]  FUNC
0001  [  1]  VARARGPREP      fixed=0
0002  [  1]  LOADI           R0 5
0003  [  1]  SETTABUP        R0 U0 K0  ; "x"
0004  [  2]  LOADI           R0 10
0005  [  3]  LOADNIL         R1 count=2
0006  [  5]  LOAD            R3 K1  ; "abs"
0007  [  5]  TBC             R3
0008  [  7]  GETTABUP        R4 U0 K4  ; "get"
0009  [  7]  CALL_R1         R4 args=1
0010  [  7]  LOAD            R5 K5  ; "other1"
0011  [  7]  SETTABUP        R5 U0 K3  ; "k"
0012  [  7]  SETTABUP        R4 U0 K2  ; "i"
0013  [  8]  GETTABUP        R4 U0 K6  ; "getf"
0014  [  8]  CALL_R1         R4 args=1
0015  [  8]  LOAD            R5 K7  ; "other2"
0016  [  9]  GETTABUP        R6 U0 K8  ; "getw"
0017  [  9]  CALL_R1         R6 args=1
0018  [ 10]  GETTABUP        R7 U0 K9  ; "getq"
0019  [ 10]  CALL_R1         R7 args=1
0020  [ 10]  LOAD            R8 K10  ; "other4"
0021  [ 10]  TBC             R7
0022  [ 10]  RETURN          R0 count=1
