---
source: src/compiler/snapshot_tests.rs
expression: output
---
; function (params=0, vararg=true, stack=3, upvalues=1)
; constants:
;   K0 = 581
;   K1 = "a"
;   K2 = 255
;   K3 = "b"
;   K4 = nil
;   K5 = "c"
;   K6 = true
;   K7 = "d"
;   K8 = false
;   K9 = "e"
;   K10 = "hello"
;   K11 = "f"
;   K12 = "world"
;   K13 = "g"
;   K14 = "woosh"
;   K15 = "h"
;   K16 = "i"
;   K17 = 50000.0
;   K18 = "l"
;   K19 = 206.0625
;   K20 = "j"
;   K21 = 0.1953125
;   K22 = "k"
;   K23 = "t"
;   K24 = 59
;   K25 = 63
;   K26 = "tl"
;   K27 = "anna"
;   K28 = 15
;   K29 = "james"
;   K30 = 20
;   K31 = "tr"
;   K32 = 0
;   K33 = 10
;   K34 = "20"
;   K35 = "tg"
;   K36 = 18
;   K37 = "y"
; upvalues:
;   U0 = local R0
; code:
0000  VARARGPREP      fixed=0
0001  LOAD            R0 K0  ; 581
0002  SETTABUP        R0 U0 K1  ; "a"
0003  LOAD            R0 K2  ; 255
0004  SETTABUP        R0 U0 K3  ; "b"
0005  LOAD            R0 K4  ; nil
0006  SETTABUP        R0 U0 K5  ; "c"
0007  LOAD            R0 K6  ; true
0008  SETTABUP        R0 U0 K7  ; "d"
0009  LOAD            R0 K8  ; false
0010  SETTABUP        R0 U0 K9  ; "e"
0011  LOAD            R0 K10  ; "hello"
0012  SETTABUP        R0 U0 K11  ; "f"
0013  LOAD            R0 K12  ; "world"
0014  SETTABUP        R0 U0 K13  ; "g"
0015  LOAD            R0 K14  ; "woosh"
0016  SETTABUP        R0 U0 K15  ; "h"
0017  LOAD            R0 K14  ; "woosh"
0018  SETTABUP        R0 U0 K16  ; "i"
0019  LOAD            R0 K17  ; 50000.0
0020  SETTABUP        R0 U0 K18  ; "l"
0021  LOAD            R0 K19  ; 206.0625
0022  SETTABUP        R0 U0 K20  ; "j"
0023  LOAD            R0 K21  ; 0.1953125
0024  SETTABUP        R0 U0 K22  ; "k"
0025  NEWTABLE        R0
0026  SETTABUP        R0 U0 K23  ; "t"
0027  NEWTABLE        R0
0028  LOAD            R1 K24  ; 59
0029  LOAD            R2 K25  ; 63
0030  SETLIST         R0 count=2 offset=0
0031  SETTABUP        R0 U0 K26  ; "tl"
0032  NEWTABLE        R0
0033  LOAD            R1 K27  ; "anna"
0034  LOAD            R2 K28  ; 15
0035  SETTABLE        R2 R0 R1
0036  LOAD            R1 K29  ; "james"
0037  LOAD            R2 K30  ; 20
0038  SETTABLE        R2 R0 R1
0039  SETTABUP        R0 U0 K31  ; "tr"
0040  NEWTABLE        R0
0041  LOAD            R1 K32  ; 0
0042  LOAD            R2 K33  ; 10
0043  SETTABLE        R2 R0 R1
0044  LOAD            R1 K27  ; "anna"
0045  LOAD            R2 K28  ; 15
0046  SETTABLE        R2 R0 R1
0047  LOAD            R1 K29  ; "james"
0048  LOAD            R2 K34  ; "20"
0049  SETTABLE        R2 R0 R1
0050  SETTABUP        R0 U0 K35  ; "tg"
0051  LOAD            R0 K36  ; 18
0052  UNM             R0 R0
0053  SETTABUP        R0 U0 K37  ; "y"
0054  RETURN          R0 count=1
